IDENTIFIER (a) OP IDENTIFIER (b)
IDENTIFIER (a) OP IDENTIFIER (b)
IDENTIFIER (a) OP IDENTIFIER (b)
IDENTIFIER (a) OP IDENTIFIER (b)
IDENTIFIER (a) OP IDENTIFIER (b) OP IDENTIFIER (c)